02:44:18 **** Build of configuration Debug for project PT2258 ****
make -j8 all 
arm-none-eabi-gcc "../Drivers/STM32F4xx_HAL_Driver/Src/stm32f4xx_hal.c" -mcpu=cortex-m4 -std=gnu11 -g3 -DDEBUG -DUSE_HAL_DRIVER -DSTM32F401xC -c -I../Core/Inc -I../Drivers/STM32F4xx_HAL_Driver/Inc -I../Drivers/STM32F4xx_HAL_Driver/Inc/Legacy -I../Drivers/CMSIS/Device/ST/STM32F4xx/Include -I../Drivers/CMSIS/Include -O0 -ffunction-sections -fdata-sections -Wall -fstack-usage -MMD -MP -MF"Drivers/STM32F4xx_HAL_Driver/Src/stm32f4xx_hal.d" -MT"Drivers/STM32F4xx_HAL_Driver/Src/stm32f4xx_hal.o" --specs=nano.specs -mfpu=fpv4-sp-d16 -mfloat-abi=hard -mthumb -o "Drivers/STM32F4xx_HAL_Driver/Src/stm32f4xx_hal.o"
arm-none-eabi-gcc "../Drivers/STM32F4xx_HAL_Driver/Src/stm32f4xx_hal_cortex.c" -mcpu=cortex-m4 -std=gnu11 -g3 -DDEBUG -DUSE_HAL_DRIVER -DSTM32F401xC -c -I../Core/Inc -I../Drivers/STM32F4xx_HAL_Driver/Inc -I../Drivers/STM32F4xx_HAL_Driver/Inc/Legacy -I../Drivers/CMSIS/Device/ST/STM32F4xx/Include -I../Drivers/CMSIS/Include -O0 -ffunction-sections -fdata-sections -Wall -fstack-usage -MMD -MP -MF"Drivers/STM32F4xx_HAL_Driver/Src/stm32f4xx_hal_cortex.d" -MT"Drivers/STM32F4xx_HAL_Driver/Src/stm32f4xx_hal_cortex.o" --specs=nano.specs -mfpu=fpv4-sp-d16 -mfloat-abi=hard -mthumb -o "Drivers/STM32F4xx_HAL_Driver/Src/stm32f4xx_hal_cortex.o"
arm-none-eabi-gcc "../Drivers/STM32F4xx_HAL_Driver/Src/stm32f4xx_hal_dma.c" -mcpu=cortex-m4 -std=gnu11 -g3 -DDEBUG -DUSE_HAL_DRIVER -DSTM32F401xC -c -I../Core/Inc -I../Drivers/STM32F4xx_HAL_Driver/Inc -I../Drivers/STM32F4xx_HAL_Driver/Inc/Legacy -I../Drivers/CMSIS/Device/ST/STM32F4xx/Include -I../Drivers/CMSIS/Include -O0 -ffunction-sections -fdata-sections -Wall -fstack-usage -MMD -MP -MF"Drivers/STM32F4xx_HAL_Driver/Src/stm32f4xx_hal_dma.d" -MT"Drivers/STM32F4xx_HAL_Driver/Src/stm32f4xx_hal_dma.o" --specs=nano.specs -mfpu=fpv4-sp-d16 -mfloat-abi=hard -mthumb -o "Drivers/STM32F4xx_HAL_Driver/Src/stm32f4xx_hal_dma.o"
arm-none-eabi-gcc "../Drivers/STM32F4xx_HAL_Driver/Src/stm32f4xx_hal_dma_ex.c" -mcpu=cortex-m4 -std=gnu11 -g3 -DDEBUG -DUSE_HAL_DRIVER -DSTM32F401xC -c -I../Core/Inc -I../Drivers/STM32F4xx_HAL_Driver/Inc -I../Drivers/STM32F4xx_HAL_Driver/Inc/Legacy -I../Drivers/CMSIS/Device/ST/STM32F4xx/Include -I../Drivers/CMSIS/Include -O0 -ffunction-sections -fdata-sections -Wall -fstack-usage -MMD -MP -MF"Drivers/STM32F4xx_HAL_Driver/Src/stm32f4xx_hal_dma_ex.d" -MT"Drivers/STM32F4xx_HAL_Driver/Src/stm32f4xx_hal_dma_ex.o" --specs=nano.specs -mfpu=fpv4-sp-d16 -mfloat-abi=hard -mthumb -o "Drivers/STM32F4xx_HAL_Driver/Src/stm32f4xx_hal_dma_ex.o"
arm-none-eabi-gcc "../Drivers/STM32F4xx_HAL_Driver/Src/stm32f4xx_hal_exti.c" -mcpu=cortex-m4 -std=gnu11 -g3 -DDEBUG -DUSE_HAL_DRIVER -DSTM32F401xC -c -I../Core/Inc -I../Drivers/STM32F4xx_HAL_Driver/Inc -I../Drivers/STM32F4xx_HAL_Driver/Inc/Legacy -I../Drivers/CMSIS/Device/ST/STM32F4xx/Include -I../Drivers/CMSIS/Include -O0 -ffunction-sections -fdata-sections -Wall -fstack-usage -MMD -MP -MF"Drivers/STM32F4xx_HAL_Driver/Src/stm32f4xx_hal_exti.d" -MT"Drivers/STM32F4xx_HAL_Driver/Src/stm32f4xx_hal_exti.o" --specs=nano.specs -mfpu=fpv4-sp-d16 -mfloat-abi=hard -mthumb -o "Drivers/STM32F4xx_HAL_Driver/Src/stm32f4xx_hal_exti.o"
arm-none-eabi-gcc "../Drivers/STM32F4xx_HAL_Driver/Src/stm32f4xx_hal_flash.c" -mcpu=cortex-m4 -std=gnu11 -g3 -DDEBUG -DUSE_HAL_DRIVER -DSTM32F401xC -c -I../Core/Inc -I../Drivers/STM32F4xx_HAL_Driver/Inc -I../Drivers/STM32F4xx_HAL_Driver/Inc/Legacy -I../Drivers/CMSIS/Device/ST/STM32F4xx/Include -I../Drivers/CMSIS/Include -O0 -ffunction-sections -fdata-sections -Wall -fstack-usage -MMD -MP -MF"Drivers/STM32F4xx_HAL_Driver/Src/stm32f4xx_hal_flash.d" -MT"Drivers/STM32F4xx_HAL_Driver/Src/stm32f4xx_hal_flash.o" --specs=nano.specs -mfpu=fpv4-sp-d16 -mfloat-abi=hard -mthumb -o "Drivers/STM32F4xx_HAL_Driver/Src/stm32f4xx_hal_flash.o"
arm-none-eabi-gcc "../Drivers/STM32F4xx_HAL_Driver/Src/stm32f4xx_hal_flash_ex.c" -mcpu=cortex-m4 -std=gnu11 -g3 -DDEBUG -DUSE_HAL_DRIVER -DSTM32F401xC -c -I../Core/Inc -I../Drivers/STM32F4xx_HAL_Driver/Inc -I../Drivers/STM32F4xx_HAL_Driver/Inc/Legacy -I../Drivers/CMSIS/Device/ST/STM32F4xx/Include -I../Drivers/CMSIS/Include -O0 -ffunction-sections -fdata-sections -Wall -fstack-usage -MMD -MP -MF"Drivers/STM32F4xx_HAL_Driver/Src/stm32f4xx_hal_flash_ex.d" -MT"Drivers/STM32F4xx_HAL_Driver/Src/stm32f4xx_hal_flash_ex.o" --specs=nano.specs -mfpu=fpv4-sp-d16 -mfloat-abi=hard -mthumb -o "Drivers/STM32F4xx_HAL_Driver/Src/stm32f4xx_hal_flash_ex.o"
arm-none-eabi-gcc "../Drivers/STM32F4xx_HAL_Driver/Src/stm32f4xx_hal_flash_ramfunc.c" -mcpu=cortex-m4 -std=gnu11 -g3 -DDEBUG -DUSE_HAL_DRIVER -DSTM32F401xC -c -I../Core/Inc -I../Drivers/STM32F4xx_HAL_Driver/Inc -I../Drivers/STM32F4xx_HAL_Driver/Inc/Legacy -I../Drivers/CMSIS/Device/ST/STM32F4xx/Include -I../Drivers/CMSIS/Include -O0 -ffunction-sections -fdata-sections -Wall -fstack-usage -MMD -MP -MF"Drivers/STM32F4xx_HAL_Driver/Src/stm32f4xx_hal_flash_ramfunc.d" -MT"Drivers/STM32F4xx_HAL_Driver/Src/stm32f4xx_hal_flash_ramfunc.o" --specs=nano.specs -mfpu=fpv4-sp-d16 -mfloat-abi=hard -mthumb -o "Drivers/STM32F4xx_HAL_Driver/Src/stm32f4xx_hal_flash_ramfunc.o"
arm-none-eabi-gcc "../Drivers/STM32F4xx_HAL_Driver/Src/stm32f4xx_hal_gpio.c" -mcpu=cortex-m4 -std=gnu11 -g3 -DDEBUG -DUSE_HAL_DRIVER -DSTM32F401xC -c -I../Core/Inc -I../Drivers/STM32F4xx_HAL_Driver/Inc -I../Drivers/STM32F4xx_HAL_Driver/Inc/Legacy -I../Drivers/CMSIS/Device/ST/STM32F4xx/Include -I../Drivers/CMSIS/Include -O0 -ffunction-sections -fdata-sections -Wall -fstack-usage -MMD -MP -MF"Drivers/STM32F4xx_HAL_Driver/Src/stm32f4xx_hal_gpio.d" -MT"Drivers/STM32F4xx_HAL_Driver/Src/stm32f4xx_hal_gpio.o" --specs=nano.specs -mfpu=fpv4-sp-d16 -mfloat-abi=hard -mthumb -o "Drivers/STM32F4xx_HAL_Driver/Src/stm32f4xx_hal_gpio.o"
arm-none-eabi-gcc "../Drivers/STM32F4xx_HAL_Driver/Src/stm32f4xx_hal_i2c.c" -mcpu=cortex-m4 -std=gnu11 -g3 -DDEBUG -DUSE_HAL_DRIVER -DSTM32F401xC -c -I../Core/Inc -I../Drivers/STM32F4xx_HAL_Driver/Inc -I../Drivers/STM32F4xx_HAL_Driver/Inc/Legacy -I../Drivers/CMSIS/Device/ST/STM32F4xx/Include -I../Drivers/CMSIS/Include -O0 -ffunction-sections -fdata-sections -Wall -fstack-usage -MMD -MP -MF"Drivers/STM32F4xx_HAL_Driver/Src/stm32f4xx_hal_i2c.d" -MT"Drivers/STM32F4xx_HAL_Driver/Src/stm32f4xx_hal_i2c.o" --specs=nano.specs -mfpu=fpv4-sp-d16 -mfloat-abi=hard -mthumb -o "Drivers/STM32F4xx_HAL_Driver/Src/stm32f4xx_hal_i2c.o"
arm-none-eabi-gcc "../Drivers/STM32F4xx_HAL_Driver/Src/stm32f4xx_hal_i2c_ex.c" -mcpu=cortex-m4 -std=gnu11 -g3 -DDEBUG -DUSE_HAL_DRIVER -DSTM32F401xC -c -I../Core/Inc -I../Drivers/STM32F4xx_HAL_Driver/Inc -I../Drivers/STM32F4xx_HAL_Driver/Inc/Legacy -I../Drivers/CMSIS/Device/ST/STM32F4xx/Include -I../Drivers/CMSIS/Include -O0 -ffunction-sections -fdata-sections -Wall -fstack-usage -MMD -MP -MF"Drivers/STM32F4xx_HAL_Driver/Src/stm32f4xx_hal_i2c_ex.d" -MT"Drivers/STM32F4xx_HAL_Driver/Src/stm32f4xx_hal_i2c_ex.o" --specs=nano.specs -mfpu=fpv4-sp-d16 -mfloat-abi=hard -mthumb -o "Drivers/STM32F4xx_HAL_Driver/Src/stm32f4xx_hal_i2c_ex.o"
arm-none-eabi-gcc "../Drivers/STM32F4xx_HAL_Driver/Src/stm32f4xx_hal_pwr.c" -mcpu=cortex-m4 -std=gnu11 -g3 -DDEBUG -DUSE_HAL_DRIVER -DSTM32F401xC -c -I../Core/Inc -I../Drivers/STM32F4xx_HAL_Driver/Inc -I../Drivers/STM32F4xx_HAL_Driver/Inc/Legacy -I../Drivers/CMSIS/Device/ST/STM32F4xx/Include -I../Drivers/CMSIS/Include -O0 -ffunction-sections -fdata-sections -Wall -fstack-usage -MMD -MP -MF"Drivers/STM32F4xx_HAL_Driver/Src/stm32f4xx_hal_pwr.d" -MT"Drivers/STM32F4xx_HAL_Driver/Src/stm32f4xx_hal_pwr.o" --specs=nano.specs -mfpu=fpv4-sp-d16 -mfloat-abi=hard -mthumb -o "Drivers/STM32F4xx_HAL_Driver/Src/stm32f4xx_hal_pwr.o"
arm-none-eabi-gcc "../Drivers/STM32F4xx_HAL_Driver/Src/stm32f4xx_hal_pwr_ex.c" -mcpu=cortex-m4 -std=gnu11 -g3 -DDEBUG -DUSE_HAL_DRIVER -DSTM32F401xC -c -I../Core/Inc -I../Drivers/STM32F4xx_HAL_Driver/Inc -I../Drivers/STM32F4xx_HAL_Driver/Inc/Legacy -I../Drivers/CMSIS/Device/ST/STM32F4xx/Include -I../Drivers/CMSIS/Include -O0 -ffunction-sections -fdata-sections -Wall -fstack-usage -MMD -MP -MF"Drivers/STM32F4xx_HAL_Driver/Src/stm32f4xx_hal_pwr_ex.d" -MT"Drivers/STM32F4xx_HAL_Driver/Src/stm32f4xx_hal_pwr_ex.o" --specs=nano.specs -mfpu=fpv4-sp-d16 -mfloat-abi=hard -mthumb -o "Drivers/STM32F4xx_HAL_Driver/Src/stm32f4xx_hal_pwr_ex.o"
arm-none-eabi-gcc "../Drivers/STM32F4xx_HAL_Driver/Src/stm32f4xx_hal_rcc.c" -mcpu=cortex-m4 -std=gnu11 -g3 -DDEBUG -DUSE_HAL_DRIVER -DSTM32F401xC -c -I../Core/Inc -I../Drivers/STM32F4xx_HAL_Driver/Inc -I../Drivers/STM32F4xx_HAL_Driver/Inc/Legacy -I../Drivers/CMSIS/Device/ST/STM32F4xx/Include -I../Drivers/CMSIS/Include -O0 -ffunction-sections -fdata-sections -Wall -fstack-usage -MMD -MP -MF"Drivers/STM32F4xx_HAL_Driver/Src/stm32f4xx_hal_rcc.d" -MT"Drivers/STM32F4xx_HAL_Driver/Src/stm32f4xx_hal_rcc.o" --specs=nano.specs -mfpu=fpv4-sp-d16 -mfloat-abi=hard -mthumb -o "Drivers/STM32F4xx_HAL_Driver/Src/stm32f4xx_hal_rcc.o"
arm-none-eabi-gcc "../Drivers/STM32F4xx_HAL_Driver/Src/stm32f4xx_hal_rcc_ex.c" -mcpu=cortex-m4 -std=gnu11 -g3 -DDEBUG -DUSE_HAL_DRIVER -DSTM32F401xC -c -I../Core/Inc -I../Drivers/STM32F4xx_HAL_Driver/Inc -I../Drivers/STM32F4xx_HAL_Driver/Inc/Legacy -I../Drivers/CMSIS/Device/ST/STM32F4xx/Include -I../Drivers/CMSIS/Include -O0 -ffunction-sections -fdata-sections -Wall -fstack-usage -MMD -MP -MF"Drivers/STM32F4xx_HAL_Driver/Src/stm32f4xx_hal_rcc_ex.d" -MT"Drivers/STM32F4xx_HAL_Driver/Src/stm32f4xx_hal_rcc_ex.o" --specs=nano.specs -mfpu=fpv4-sp-d16 -mfloat-abi=hard -mthumb -o "Drivers/STM32F4xx_HAL_Driver/Src/stm32f4xx_hal_rcc_ex.o"
arm-none-eabi-gcc "../Drivers/STM32F4xx_HAL_Driver/Src/stm32f4xx_hal_tim.c" -mcpu=cortex-m4 -std=gnu11 -g3 -DDEBUG -DUSE_HAL_DRIVER -DSTM32F401xC -c -I../Core/Inc -I../Drivers/STM32F4xx_HAL_Driver/Inc -I../Drivers/STM32F4xx_HAL_Driver/Inc/Legacy -I../Drivers/CMSIS/Device/ST/STM32F4xx/Include -I../Drivers/CMSIS/Include -O0 -ffunction-sections -fdata-sections -Wall -fstack-usage -MMD -MP -MF"Drivers/STM32F4xx_HAL_Driver/Src/stm32f4xx_hal_tim.d" -MT"Drivers/STM32F4xx_HAL_Driver/Src/stm32f4xx_hal_tim.o" --specs=nano.specs -mfpu=fpv4-sp-d16 -mfloat-abi=hard -mthumb -o "Drivers/STM32F4xx_HAL_Driver/Src/stm32f4xx_hal_tim.o"
arm-none-eabi-gcc "../Drivers/STM32F4xx_HAL_Driver/Src/stm32f4xx_hal_tim_ex.c" -mcpu=cortex-m4 -std=gnu11 -g3 -DDEBUG -DUSE_HAL_DRIVER -DSTM32F401xC -c -I../Core/Inc -I../Drivers/STM32F4xx_HAL_Driver/Inc -I../Drivers/STM32F4xx_HAL_Driver/Inc/Legacy -I../Drivers/CMSIS/Device/ST/STM32F4xx/Include -I../Drivers/CMSIS/Include -O0 -ffunction-sections -fdata-sections -Wall -fstack-usage -MMD -MP -MF"Drivers/STM32F4xx_HAL_Driver/Src/stm32f4xx_hal_tim_ex.d" -MT"Drivers/STM32F4xx_HAL_Driver/Src/stm32f4xx_hal_tim_ex.o" --specs=nano.specs -mfpu=fpv4-sp-d16 -mfloat-abi=hard -mthumb -o "Drivers/STM32F4xx_HAL_Driver/Src/stm32f4xx_hal_tim_ex.o"
arm-none-eabi-gcc -mcpu=cortex-m4 -g3 -c -x assembler-with-cpp -MMD -MP -MF"Core/Startup/startup_stm32f401ccux.d" -MT"Core/Startup/startup_stm32f401ccux.o" --specs=nano.specs -mfpu=fpv4-sp-d16 -mfloat-abi=hard -mthumb -o "Core/Startup/startup_stm32f401ccux.o" "../Core/Startup/startup_stm32f401ccux.s"
arm-none-eabi-gcc "../Core/Src/usr/J3_PT2258.c" -mcpu=cortex-m4 -std=gnu11 -g3 -DDEBUG -DUSE_HAL_DRIVER -DSTM32F401xC -c -I../Core/Inc -I../Drivers/STM32F4xx_HAL_Driver/Inc -I../Drivers/STM32F4xx_HAL_Driver/Inc/Legacy -I../Drivers/CMSIS/Device/ST/STM32F4xx/Include -I../Drivers/CMSIS/Include -O0 -ffunction-sections -fdata-sections -Wall -fstack-usage -MMD -MP -MF"Core/Src/usr/J3_PT2258.d" -MT"Core/Src/usr/J3_PT2258.o" --specs=nano.specs -mfpu=fpv4-sp-d16 -mfloat-abi=hard -mthumb -o "Core/Src/usr/J3_PT2258.o"
arm-none-eabi-gcc "../Core/Src/gpio.c" -mcpu=cortex-m4 -std=gnu11 -g3 -DDEBUG -DUSE_HAL_DRIVER -DSTM32F401xC -c -I../Core/Inc -I../Drivers/STM32F4xx_HAL_Driver/Inc -I../Drivers/STM32F4xx_HAL_Driver/Inc/Legacy -I../Drivers/CMSIS/Device/ST/STM32F4xx/Include -I../Drivers/CMSIS/Include -O0 -ffunction-sections -fdata-sections -Wall -fstack-usage -MMD -MP -MF"Core/Src/gpio.d" -MT"Core/Src/gpio.o" --specs=nano.specs -mfpu=fpv4-sp-d16 -mfloat-abi=hard -mthumb -o "Core/Src/gpio.o"
arm-none-eabi-gcc "../Core/Src/i2c.c" -mcpu=cortex-m4 -std=gnu11 -g3 -DDEBUG -DUSE_HAL_DRIVER -DSTM32F401xC -c -I../Core/Inc -I../Drivers/STM32F4xx_HAL_Driver/Inc -I../Drivers/STM32F4xx_HAL_Driver/Inc/Legacy -I../Drivers/CMSIS/Device/ST/STM32F4xx/Include -I../Drivers/CMSIS/Include -O0 -ffunction-sections -fdata-sections -Wall -fstack-usage -MMD -MP -MF"Core/Src/i2c.d" -MT"Core/Src/i2c.o" --specs=nano.specs -mfpu=fpv4-sp-d16 -mfloat-abi=hard -mthumb -o "Core/Src/i2c.o"
arm-none-eabi-gcc "../Core/Src/main.c" -mcpu=cortex-m4 -std=gnu11 -g3 -DDEBUG -DUSE_HAL_DRIVER -DSTM32F401xC -c -I../Core/Inc -I../Drivers/STM32F4xx_HAL_Driver/Inc -I../Drivers/STM32F4xx_HAL_Driver/Inc/Legacy -I../Drivers/CMSIS/Device/ST/STM32F4xx/Include -I../Drivers/CMSIS/Include -O0 -ffunction-sections -fdata-sections -Wall -fstack-usage -MMD -MP -MF"Core/Src/main.d" -MT"Core/Src/main.o" --specs=nano.specs -mfpu=fpv4-sp-d16 -mfloat-abi=hard -mthumb -o "Core/Src/main.o"
arm-none-eabi-gcc "../Core/Src/stm32f4xx_hal_msp.c" -mcpu=cortex-m4 -std=gnu11 -g3 -DDEBUG -DUSE_HAL_DRIVER -DSTM32F401xC -c -I../Core/Inc -I../Drivers/STM32F4xx_HAL_Driver/Inc -I../Drivers/STM32F4xx_HAL_Driver/Inc/Legacy -I../Drivers/CMSIS/Device/ST/STM32F4xx/Include -I../Drivers/CMSIS/Include -O0 -ffunction-sections -fdata-sections -Wall -fstack-usage -MMD -MP -MF"Core/Src/stm32f4xx_hal_msp.d" -MT"Core/Src/stm32f4xx_hal_msp.o" --specs=nano.specs -mfpu=fpv4-sp-d16 -mfloat-abi=hard -mthumb -o "Core/Src/stm32f4xx_hal_msp.o"
In file included from ../Core/Src/usr/J3_PT2258.c:8:
../Core/Inc/usr/J3_PT2258.h:12:16: warning: useless storage class specifier in empty declaration
   12 | typedef struct TPT2258;
      |                ^~~~~~~
../Core/Src/usr/J3_PT2258.c:12:3: error: unknown type name 'I2C_HandleTypeDef'
   12 |   I2C_HandleTypeDef* i2c;
      |   ^~~~~~~~~~~~~~~~~
../Core/Src/usr/J3_PT2258.c:13:3: error: unknown type name 'uint8_t'
   13 |   uint8_t address;
      |   ^~~~~~~
make: *** [Core/Src/usr/subdir.mk:19: Core/Src/usr/J3_PT2258.o] Error 1
make: *** Waiting for unfinished jobs....
"make -j8 all" terminated with exit code 2. Build might be incomplete.
02:45:00 **** Incremental Build of configuration Debug for project PT2258 ****
make -j8 all 
arm-none-eabi-gcc "../Core/Src/usr/J3_PT2258.c" -mcpu=cortex-m4 -std=gnu11 -g3 -DDEBUG -DUSE_HAL_DRIVER -DSTM32F401xC -c -I../Core/Inc -I../Drivers/STM32F4xx_HAL_Driver/Inc -I../Drivers/STM32F4xx_HAL_Driver/Inc/Legacy -I../Drivers/CMSIS/Device/ST/STM32F4xx/Include -I../Drivers/CMSIS/Include -O0 -ffunction-sections -fdata-sections -Wall -fstack-usage -MMD -MP -MF"Core/Src/usr/J3_PT2258.d" -MT"Core/Src/usr/J3_PT2258.o" --specs=nano.specs -mfpu=fpv4-sp-d16 -mfloat-abi=hard -mthumb -o "Core/Src/usr/J3_PT2258.o"
arm-none-eabi-gcc "../Core/Src/stm32f4xx_it.c" -mcpu=cortex-m4 -std=gnu11 -g3 -DDEBUG -DUSE_HAL_DRIVER -DSTM32F401xC -c -I../Core/Inc -I../Drivers/STM32F4xx_HAL_Driver/Inc -I../Drivers/STM32F4xx_HAL_Driver/Inc/Legacy -I../Drivers/CMSIS/Device/ST/STM32F4xx/Include -I../Drivers/CMSIS/Include -O0 -ffunction-sections -fdata-sections -Wall -fstack-usage -MMD -MP -MF"Core/Src/stm32f4xx_it.d" -MT"Core/Src/stm32f4xx_it.o" --specs=nano.specs -mfpu=fpv4-sp-d16 -mfloat-abi=hard -mthumb -o "Core/Src/stm32f4xx_it.o"
arm-none-eabi-gcc "../Core/Src/syscalls.c" -mcpu=cortex-m4 -std=gnu11 -g3 -DDEBUG -DUSE_HAL_DRIVER -DSTM32F401xC -c -I../Core/Inc -I../Drivers/STM32F4xx_HAL_Driver/Inc -I../Drivers/STM32F4xx_HAL_Driver/Inc/Legacy -I../Drivers/CMSIS/Device/ST/STM32F4xx/Include -I../Drivers/CMSIS/Include -O0 -ffunction-sections -fdata-sections -Wall -fstack-usage -MMD -MP -MF"Core/Src/syscalls.d" -MT"Core/Src/syscalls.o" --specs=nano.specs -mfpu=fpv4-sp-d16 -mfloat-abi=hard -mthumb -o "Core/Src/syscalls.o"
arm-none-eabi-gcc "../Core/Src/sysmem.c" -mcpu=cortex-m4 -std=gnu11 -g3 -DDEBUG -DUSE_HAL_DRIVER -DSTM32F401xC -c -I../Core/Inc -I../Drivers/STM32F4xx_HAL_Driver/Inc -I../Drivers/STM32F4xx_HAL_Driver/Inc/Legacy -I../Drivers/CMSIS/Device/ST/STM32F4xx/Include -I../Drivers/CMSIS/Include -O0 -ffunction-sections -fdata-sections -Wall -fstack-usage -MMD -MP -MF"Core/Src/sysmem.d" -MT"Core/Src/sysmem.o" --specs=nano.specs -mfpu=fpv4-sp-d16 -mfloat-abi=hard -mthumb -o "Core/Src/sysmem.o"
arm-none-eabi-gcc "../Core/Src/system_stm32f4xx.c" -mcpu=cortex-m4 -std=gnu11 -g3 -DDEBUG -DUSE_HAL_DRIVER -DSTM32F401xC -c -I../Core/Inc -I../Drivers/STM32F4xx_HAL_Driver/Inc -I../Drivers/STM32F4xx_HAL_Driver/Inc/Legacy -I../Drivers/CMSIS/Device/ST/STM32F4xx/Include -I../Drivers/CMSIS/Include -O0 -ffunction-sections -fdata-sections -Wall -fstack-usage -MMD -MP -MF"Core/Src/system_stm32f4xx.d" -MT"Core/Src/system_stm32f4xx.o" --specs=nano.specs -mfpu=fpv4-sp-d16 -mfloat-abi=hard -mthumb -o "Core/Src/system_stm32f4xx.o"
In file included from ../Core/Src/usr/J3_PT2258.c:10:
../Core/Inc/usr/J3_PT2258.h:12:16: warning: useless storage class specifier in empty declaration
   12 | typedef struct TPT2258;
      |                ^~~~~~~
../Core/Src/usr/J3_PT2258.c:14:3: error: unknown type name 'I2C_HandleTypeDef'
   14 |   I2C_HandleTypeDef* i2c;
      |   ^~~~~~~~~~~~~~~~~
../Core/Src/usr/J3_PT2258.c:15:3: error: unknown type name 'uint8_t'
   15 |   uint8_t address;
      |   ^~~~~~~
make: *** [Core/Src/usr/subdir.mk:19: Core/Src/usr/J3_PT2258.o] Error 1
make: *** Waiting for unfinished jobs....
"make -j8 all" terminated with exit code 2. Build might be incomplete.
02:46:03 **** Incremental Build of configuration Debug for project PT2258 ****
make -j8 all 
arm-none-eabi-gcc "../Core/Src/usr/J3_PT2258.c" -mcpu=cortex-m4 -std=gnu11 -g3 -DDEBUG -DUSE_HAL_DRIVER -DSTM32F401xC -c -I../Core/Inc -I../Drivers/STM32F4xx_HAL_Driver/Inc -I../Drivers/STM32F4xx_HAL_Driver/Inc/Legacy -I../Drivers/CMSIS/Device/ST/STM32F4xx/Include -I../Drivers/CMSIS/Include -O0 -ffunction-sections -fdata-sections -Wall -fstack-usage -MMD -MP -MF"Core/Src/usr/J3_PT2258.d" -MT"Core/Src/usr/J3_PT2258.o" --specs=nano.specs -mfpu=fpv4-sp-d16 -mfloat-abi=hard -mthumb -o "Core/Src/usr/J3_PT2258.o"
In file included from ../Core/Src/usr/J3_PT2258.c:10:
../Core/Inc/usr/J3_PT2258.h:14:16: warning: useless storage class specifier in empty declaration
   14 | typedef struct TPT2258;
      |                ^~~~~~~
arm-none-eabi-gcc -o "PT2258.elf" @"objects.list"   -mcpu=cortex-m4 -T"C:\NelsonLima\Projetos\PT2258.git\PT2258\STM32F401CCUX_FLASH.ld" --specs=nosys.specs -Wl,-Map="PT2258.map" -Wl,--gc-sections -static --specs=nano.specs -mfpu=fpv4-sp-d16 -mfloat-abi=hard -mthumb -Wl,--start-group -lc -lm -Wl,--end-group
Finished building target: PT2258.elf
 
arm-none-eabi-size   PT2258.elf 
arm-none-eabi-objdump -h -S  PT2258.elf  > "PT2258.list"
arm-none-eabi-objcopy  -O binary  PT2258.elf  "PT2258.bin"
   text	   data	    bss	    dec	    hex	filename
   6648	     20	   1652	   8320	   2080	PT2258.elf
Finished building: default.size.stdout
 
Finished building: PT2258.bin
 
Finished building: PT2258.list
 
03:25:08 **** Incremental Build of configuration Debug for project PT2258 ****
make -j8 all 
arm-none-eabi-gcc "../Core/Src/usr/J3_PT2258.c" -mcpu=cortex-m4 -std=gnu11 -g3 -DDEBUG -DUSE_HAL_DRIVER -DSTM32F401xC -c -I../Core/Inc -I../Drivers/STM32F4xx_HAL_Driver/Inc -I../Drivers/STM32F4xx_HAL_Driver/Inc/Legacy -I../Drivers/CMSIS/Device/ST/STM32F4xx/Include -I../Drivers/CMSIS/Include -O0 -ffunction-sections -fdata-sections -Wall -fstack-usage -MMD -MP -MF"Core/Src/usr/J3_PT2258.d" -MT"Core/Src/usr/J3_PT2258.o" --specs=nano.specs -mfpu=fpv4-sp-d16 -mfloat-abi=hard -mthumb -o "Core/Src/usr/J3_PT2258.o"
In file included from ../Core/Src/usr/J3_PT2258.c:10:
../Core/Inc/usr/J3_PT2258.h:46:16: warning: useless storage class specifier in empty declaration
   46 | typedef struct TPT2258;
      |                ^~~~~~~
../Core/Inc/usr/J3_PT2258.h:48:1: error: unknown type name 'TPT2258'; use 'struct' keyword to refer to the type
   48 | TPT2258* J3_PT2258_new(I2C_HandleTypeDef* _i2c, uint8_t _i2c_address); /* Retorna um ponteiro para o CI PT2258 */
      | ^~~~~~~
      | struct 
../Core/Inc/usr/J3_PT2258.h:51:31: error: unknown type name 'TPT2258'
   51 | void J3_PT2258_setVolumeCanal(TPT2258* _pt2258, uint8_t _canal, uint8_t _vol);
      |                               ^~~~~~~
../Core/Src/usr/J3_PT2258.c:27:1: error: expected ',' or ';' before 'void'
   27 | void j3_sh1106_sendCmd(TPT2258* _pt2258, uint8_t _b1, uint8_t _b1){
      | ^~~~
../Core/Src/usr/J3_PT2258.c: In function 'J3_PT2258_setVolumeCanal':
../Core/Src/usr/J3_PT2258.c:49:10: warning: variable 'aux' set but not used [-Wunused-but-set-variable]
   49 |  uint8_t aux;
      |          ^~~
../Core/Src/usr/J3_PT2258.c:48:16: warning: variable 'auxD' set but not used [-Wunused-but-set-variable]
   48 |  uint8_t auxU, auxD;
      |                ^~~~
../Core/Src/usr/J3_PT2258.c:48:10: warning: variable 'auxU' set but not used [-Wunused-but-set-variable]
   48 |  uint8_t auxU, auxD;
      |          ^~~~
make: *** [Core/Src/usr/subdir.mk:19: Core/Src/usr/J3_PT2258.o] Error 1
"make -j8 all" terminated with exit code 2. Build might be incomplete.
03:27:43 **** Incremental Build of configuration Debug for project PT2258 ****
make -j8 all 
arm-none-eabi-gcc "../Core/Src/usr/J3_PT2258.c" -mcpu=cortex-m4 -std=gnu11 -g3 -DDEBUG -DUSE_HAL_DRIVER -DSTM32F401xC -c -I../Core/Inc -I../Drivers/STM32F4xx_HAL_Driver/Inc -I../Drivers/STM32F4xx_HAL_Driver/Inc/Legacy -I../Drivers/CMSIS/Device/ST/STM32F4xx/Include -I../Drivers/CMSIS/Include -O0 -ffunction-sections -fdata-sections -Wall -fstack-usage -MMD -MP -MF"Core/Src/usr/J3_PT2258.d" -MT"Core/Src/usr/J3_PT2258.o" --specs=nano.specs -mfpu=fpv4-sp-d16 -mfloat-abi=hard -mthumb -o "Core/Src/usr/J3_PT2258.o"
In file included from ../Core/Src/usr/J3_PT2258.c:10:
../Core/Inc/usr/J3_PT2258.h:46:16: warning: useless storage class specifier in empty declaration
   46 | typedef struct TPT2258;
      |                ^~~~~~~
../Core/Inc/usr/J3_PT2258.h:48:1: error: unknown type name 'TPT2258'; use 'struct' keyword to refer to the type
   48 | TPT2258* J3_PT2258_new(I2C_HandleTypeDef* _i2c, uint8_t _i2c_address); /* Retorna um ponteiro para o CI PT2258 */
      | ^~~~~~~
      | struct 
../Core/Inc/usr/J3_PT2258.h:51:31: error: unknown type name 'TPT2258'
   51 | void J3_PT2258_setVolumeCanal(TPT2258* _pt2258, uint8_t _canal, uint8_t _vol);
      |                               ^~~~~~~
../Core/Src/usr/J3_PT2258.c: In function 'J3_PT2258_setVolumeCanal':
../Core/Src/usr/J3_PT2258.c:49:10: warning: variable 'aux' set but not used [-Wunused-but-set-variable]
   49 |  uint8_t aux;
      |          ^~~
make: *** [Core/Src/usr/subdir.mk:19: Core/Src/usr/J3_PT2258.o] Error 1
"make -j8 all" terminated with exit code 2. Build might be incomplete.
03:31:36 **** Incremental Build of configuration Debug for project PT2258 ****
make -j8 all 
arm-none-eabi-gcc "../Core/Src/usr/J3_PT2258.c" -mcpu=cortex-m4 -std=gnu11 -g3 -DDEBUG -DUSE_HAL_DRIVER -DSTM32F401xC -c -I../Core/Inc -I../Drivers/STM32F4xx_HAL_Driver/Inc -I../Drivers/STM32F4xx_HAL_Driver/Inc/Legacy -I../Drivers/CMSIS/Device/ST/STM32F4xx/Include -I../Drivers/CMSIS/Include -O0 -ffunction-sections -fdata-sections -Wall -fstack-usage -MMD -MP -MF"Core/Src/usr/J3_PT2258.d" -MT"Core/Src/usr/J3_PT2258.o" --specs=nano.specs -mfpu=fpv4-sp-d16 -mfloat-abi=hard -mthumb -o "Core/Src/usr/J3_PT2258.o"
In file included from ../Core/Src/usr/J3_PT2258.c:10:
../Core/Inc/usr/J3_PT2258.h:46:16: warning: useless storage class specifier in empty declaration
   46 | typedef struct TPT2258;
      |                ^~~~~~~
../Core/Inc/usr/J3_PT2258.h:48:1: error: unknown type name 'TPT2258'; use 'struct' keyword to refer to the type
   48 | TPT2258* J3_PT2258_new(I2C_HandleTypeDef* _i2c, uint8_t _i2c_address){ /* Retorna um ponteiro para o CI PT2258 */
      | ^~~~~~~
      | struct 
../Core/Inc/usr/J3_PT2258.h: In function 'J3_PT2258_new':
../Core/Inc/usr/J3_PT2258.h:49:2: error: unknown type name 'TPT2258'; use 'struct' keyword to refer to the type
   49 |  TPT2258* auxPT2258;
      |  ^~~~~~~
      |  struct 
../Core/Inc/usr/J3_PT2258.h:50:28: error: 'TPT2258' undeclared (first use in this function)
   50 |  auxPT2258 = malloc(sizeof(TPT2258));
      |                            ^~~~~~~
../Core/Inc/usr/J3_PT2258.h:50:28: note: each undeclared identifier is reported only once for each function it appears in
../Core/Inc/usr/J3_PT2258.h:51:11: error: request for member 'address' in something not a structure or union
   51 |  auxPT2258->address = _i2c_address;
      |           ^~
../Core/Inc/usr/J3_PT2258.h:52:2: error: 'auxPt2258' undeclared (first use in this function); did you mean 'auxPT2258'?
   52 |  auxPt2258->i2c = _i2c;
      |  ^~~~~~~~~
      |  auxPT2258
../Core/Inc/usr/J3_PT2258.h: At top level:
../Core/Inc/usr/J3_PT2258.h:57:31: error: unknown type name 'TPT2258'
   57 | void J3_PT2258_setVolumeCanal(TPT2258* _pt2258, uint8_t _canal, uint8_t _vol);
      |                               ^~~~~~~
../Core/Src/usr/J3_PT2258.c: In function 'J3_PT2258_setVolumeCanal':
../Core/Src/usr/J3_PT2258.c:49:10: warning: variable 'aux' set but not used [-Wunused-but-set-variable]
   49 |  uint8_t aux;
      |          ^~~
make: *** [Core/Src/usr/subdir.mk:19: Core/Src/usr/J3_PT2258.o] Error 1
"make -j8 all" terminated with exit code 2. Build might be incomplete.
03:34:09 **** Incremental Build of configuration Debug for project PT2258 ****
make -j8 all 
arm-none-eabi-gcc "../Core/Src/usr/J3_PT2258.c" -mcpu=cortex-m4 -std=gnu11 -g3 -DDEBUG -DUSE_HAL_DRIVER -DSTM32F401xC -c -I../Core/Inc -I../Drivers/STM32F4xx_HAL_Driver/Inc -I../Drivers/STM32F4xx_HAL_Driver/Inc/Legacy -I../Drivers/CMSIS/Device/ST/STM32F4xx/Include -I../Drivers/CMSIS/Include -O0 -ffunction-sections -fdata-sections -Wall -fstack-usage -MMD -MP -MF"Core/Src/usr/J3_PT2258.d" -MT"Core/Src/usr/J3_PT2258.o" --specs=nano.specs -mfpu=fpv4-sp-d16 -mfloat-abi=hard -mthumb -o "Core/Src/usr/J3_PT2258.o"
../Core/Src/usr/J3_PT2258.c: In function 'J3_PT2258_new':
../Core/Src/usr/J3_PT2258.c:47:2: error: 'auxPt2258' undeclared (first use in this function); did you mean 'auxPT2258'?
   47 |  auxPt2258->i2c = _i2c;
      |  ^~~~~~~~~
      |  auxPT2258
../Core/Src/usr/J3_PT2258.c:47:2: note: each undeclared identifier is reported only once for each function it appears in
../Core/Src/usr/J3_PT2258.c: In function 'J3_PT2258_setVolumeCanal':
../Core/Src/usr/J3_PT2258.c:57:10: warning: variable 'aux' set but not used [-Wunused-but-set-variable]
   57 |  uint8_t aux;
      |          ^~~
make: *** [Core/Src/usr/subdir.mk:19: Core/Src/usr/J3_PT2258.o] Error 1
"make -j8 all" terminated with exit code 2. Build might be incomplete.
03:35:08 **** Incremental Build of configuration Debug for project PT2258 ****
make -j8 all 
arm-none-eabi-gcc "../Core/Src/usr/J3_PT2258.c" -mcpu=cortex-m4 -std=gnu11 -g3 -DDEBUG -DUSE_HAL_DRIVER -DSTM32F401xC -c -I../Core/Inc -I../Drivers/STM32F4xx_HAL_Driver/Inc -I../Drivers/STM32F4xx_HAL_Driver/Inc/Legacy -I../Drivers/CMSIS/Device/ST/STM32F4xx/Include -I../Drivers/CMSIS/Include -O0 -ffunction-sections -fdata-sections -Wall -fstack-usage -MMD -MP -MF"Core/Src/usr/J3_PT2258.d" -MT"Core/Src/usr/J3_PT2258.o" --specs=nano.specs -mfpu=fpv4-sp-d16 -mfloat-abi=hard -mthumb -o "Core/Src/usr/J3_PT2258.o"
../Core/Src/usr/J3_PT2258.c: In function 'J3_PT2258_new':
../Core/Src/usr/J3_PT2258.c:47:2: error: 'auxPt2258' undeclared (first use in this function); did you mean 'auxPT2258'?
   47 |  auxPt2258->i2c = _i2c;
      |  ^~~~~~~~~
      |  auxPT2258
../Core/Src/usr/J3_PT2258.c:47:2: note: each undeclared identifier is reported only once for each function it appears in
../Core/Src/usr/J3_PT2258.c: In function 'J3_PT2258_setVolumeCanal':
../Core/Src/usr/J3_PT2258.c:57:10: warning: variable 'aux' set but not used [-Wunused-but-set-variable]
   57 |  uint8_t aux;
      |          ^~~
make: *** [Core/Src/usr/subdir.mk:19: Core/Src/usr/J3_PT2258.o] Error 1
"make -j8 all" terminated with exit code 2. Build might be incomplete.
03:35:10 **** Incremental Build of configuration Debug for project PT2258 ****
make -j8 all 
arm-none-eabi-gcc "../Core/Src/usr/J3_PT2258.c" -mcpu=cortex-m4 -std=gnu11 -g3 -DDEBUG -DUSE_HAL_DRIVER -DSTM32F401xC -c -I../Core/Inc -I../Drivers/STM32F4xx_HAL_Driver/Inc -I../Drivers/STM32F4xx_HAL_Driver/Inc/Legacy -I../Drivers/CMSIS/Device/ST/STM32F4xx/Include -I../Drivers/CMSIS/Include -O0 -ffunction-sections -fdata-sections -Wall -fstack-usage -MMD -MP -MF"Core/Src/usr/J3_PT2258.d" -MT"Core/Src/usr/J3_PT2258.o" --specs=nano.specs -mfpu=fpv4-sp-d16 -mfloat-abi=hard -mthumb -o "Core/Src/usr/J3_PT2258.o"
../Core/Src/usr/J3_PT2258.c: In function 'J3_PT2258_new':
../Core/Src/usr/J3_PT2258.c:47:2: error: 'auxPt2258' undeclared (first use in this function); did you mean 'auxPT2258'?
   47 |  auxPt2258->i2c = _i2c;
      |  ^~~~~~~~~
      |  auxPT2258
../Core/Src/usr/J3_PT2258.c:47:2: note: each undeclared identifier is reported only once for each function it appears in
../Core/Src/usr/J3_PT2258.c: In function 'J3_PT2258_setVolumeCanal':
../Core/Src/usr/J3_PT2258.c:57:10: warning: variable 'aux' set but not used [-Wunused-but-set-variable]
   57 |  uint8_t aux;
      |          ^~~
make: *** [Core/Src/usr/subdir.mk:19: Core/Src/usr/J3_PT2258.o] Error 1
"make -j8 all" terminated with exit code 2. Build might be incomplete.
03:35:54 **** Incremental Build of configuration Debug for project PT2258 ****
make -j8 all 
arm-none-eabi-gcc "../Core/Src/usr/J3_PT2258.c" -mcpu=cortex-m4 -std=gnu11 -g3 -DDEBUG -DUSE_HAL_DRIVER -DSTM32F401xC -c -I../Core/Inc -I../Drivers/STM32F4xx_HAL_Driver/Inc -I../Drivers/STM32F4xx_HAL_Driver/Inc/Legacy -I../Drivers/CMSIS/Device/ST/STM32F4xx/Include -I../Drivers/CMSIS/Include -O0 -ffunction-sections -fdata-sections -Wall -fstack-usage -MMD -MP -MF"Core/Src/usr/J3_PT2258.d" -MT"Core/Src/usr/J3_PT2258.o" --specs=nano.specs -mfpu=fpv4-sp-d16 -mfloat-abi=hard -mthumb -o "Core/Src/usr/J3_PT2258.o"
../Core/Src/usr/J3_PT2258.c: In function 'J3_PT2258_setVolumeCanal':
../Core/Src/usr/J3_PT2258.c:59:10: warning: variable 'aux' set but not used [-Wunused-but-set-variable]
   59 |  uint8_t aux;
      |          ^~~
arm-none-eabi-gcc -o "PT2258.elf" @"objects.list"   -mcpu=cortex-m4 -T"C:\NelsonLima\Projetos\PT2258.git\PT2258\STM32F401CCUX_FLASH.ld" --specs=nosys.specs -Wl,-Map="PT2258.map" -Wl,--gc-sections -static --specs=nano.specs -mfpu=fpv4-sp-d16 -mfloat-abi=hard -mthumb -Wl,--start-group -lc -lm -Wl,--end-group
Finished building target: PT2258.elf
 
arm-none-eabi-objdump -h -S  PT2258.elf  > "PT2258.list"
arm-none-eabi-objcopy  -O binary  PT2258.elf  "PT2258.bin"
arm-none-eabi-size   PT2258.elf 
   text	   data	    bss	    dec	    hex	filename
   6648	     20	   1652	   8320	   2080	PT2258.elf
Finished building: default.size.stdout
 
Finished building: PT2258.bin
 
Finished building: PT2258.list
 
03:36:36 **** Incremental Build of configuration Debug for project PT2258 ****
make -j8 all 
arm-none-eabi-gcc "../Core/Src/usr/J3_PT2258.c" -mcpu=cortex-m4 -std=gnu11 -g3 -DDEBUG -DUSE_HAL_DRIVER -DSTM32F401xC -c -I../Core/Inc -I../Drivers/STM32F4xx_HAL_Driver/Inc -I../Drivers/STM32F4xx_HAL_Driver/Inc/Legacy -I../Drivers/CMSIS/Device/ST/STM32F4xx/Include -I../Drivers/CMSIS/Include -O0 -ffunction-sections -fdata-sections -Wall -fstack-usage -MMD -MP -MF"Core/Src/usr/J3_PT2258.d" -MT"Core/Src/usr/J3_PT2258.o" --specs=nano.specs -mfpu=fpv4-sp-d16 -mfloat-abi=hard -mthumb -o "Core/Src/usr/J3_PT2258.o"
arm-none-eabi-gcc -o "PT2258.elf" @"objects.list"   -mcpu=cortex-m4 -T"C:\NelsonLima\Projetos\PT2258.git\PT2258\STM32F401CCUX_FLASH.ld" --specs=nosys.specs -Wl,-Map="PT2258.map" -Wl,--gc-sections -static --specs=nano.specs -mfpu=fpv4-sp-d16 -mfloat-abi=hard -mthumb -Wl,--start-group -lc -lm -Wl,--end-group
Finished building target: PT2258.elf
 
arm-none-eabi-objdump -h -S  PT2258.elf  > "PT2258.list"
arm-none-eabi-objcopy  -O binary  PT2258.elf  "PT2258.bin"
arm-none-eabi-size   PT2258.elf 
   text	   data	    bss	    dec	    hex	filename
   6648	     20	   1652	   8320	   2080	PT2258.elf
Finished building: default.size.stdout
 
Finished building: PT2258.bin
 
Finished building: PT2258.list
 
