03:36:36 **** Incremental Build of configuration Debug for project PT2258 ****
make -j8 all 
arm-none-eabi-gcc "../Core/Src/usr/J3_PT2258.c" -mcpu=cortex-m4 -std=gnu11 -g3 -DDEBUG -DUSE_HAL_DRIVER -DSTM32F401xC -c -I../Core/Inc -I../Drivers/STM32F4xx_HAL_Driver/Inc -I../Drivers/STM32F4xx_HAL_Driver/Inc/Legacy -I../Drivers/CMSIS/Device/ST/STM32F4xx/Include -I../Drivers/CMSIS/Include -O0 -ffunction-sections -fdata-sections -Wall -fstack-usage -MMD -MP -MF"Core/Src/usr/J3_PT2258.d" -MT"Core/Src/usr/J3_PT2258.o" --specs=nano.specs -mfpu=fpv4-sp-d16 -mfloat-abi=hard -mthumb -o "Core/Src/usr/J3_PT2258.o"
arm-none-eabi-gcc -o "PT2258.elf" @"objects.list"   -mcpu=cortex-m4 -T"C:\NelsonLima\Projetos\PT2258.git\PT2258\STM32F401CCUX_FLASH.ld" --specs=nosys.specs -Wl,-Map="PT2258.map" -Wl,--gc-sections -static --specs=nano.specs -mfpu=fpv4-sp-d16 -mfloat-abi=hard -mthumb -Wl,--start-group -lc -lm -Wl,--end-group
Finished building target: PT2258.elf
 
arm-none-eabi-objdump -h -S  PT2258.elf  > "PT2258.list"
arm-none-eabi-objcopy  -O binary  PT2258.elf  "PT2258.bin"
arm-none-eabi-size   PT2258.elf 
   text	   data	    bss	    dec	    hex	filename
   6648	     20	   1652	   8320	   2080	PT2258.elf
Finished building: default.size.stdout
 
Finished building: PT2258.bin
 
Finished building: PT2258.list
 

03:36:37 Build Finished. 0 errors, 0 warnings. (took 736ms)

